2025/12/26 03:39:20 商品 m42606895253：商品名「SHIPS ステンカラーコート ネイビー」 現在価格（Before）=8500円
2025/12/26 03:39:20 商品 m31084535914：商品名「どう生きる？ 藤原和博著」 現在価格（Before）=651円
2025/12/26 03:39:20 商品 m70478869239：商品名「ブランド STORY」 現在価格（Before）=802円
2025/12/26 03:39:20 商品 m27397528932：商品名「ひとりでいること みんなとすること」 現在価格（Before）=597円
2025/12/26 03:39:20 商品 m23557501009：商品名「山崎拓巳のココロの言葉」 現在価格（Before）=626円
2025/12/26 03:39:20 商品 m63174308101：商品名「Onitsuka Tiger スニーカー ホワイト/オレンジ」 現在価格（Before）=9343円
2025/12/26 03:39:20 商品 m45237195788：商品名「やる気のスイッチ！ 山崎拓巳」 現在価格（Before）=634円
2025/12/26 03:39:20 商品 m53815703530：商品名「虎刺繍 オレンジ赤サテン el conductorH スカジャン」 現在価格（Before）=99445円
2025/12/26 03:39:20 商品 m81470532937：商品名「初級者のための華やかアレンジ J-POP」 現在価格（Before）=709円
2025/12/26 03:39:20 商品 m26356476885：商品名「クマのプーさん A.A.ミルン 岩波少年文庫」 現在価格（Before）=398円
2025/12/26 03:39:20 商品 m22207591556：商品名「Fuzz Factory clone」 現在価格（Before）=12025円
2025/12/26 03:39:20 商品 m50153029342：商品名「毎日値下中 エレアコ K-Garage EA-400 パッシブ ブラック」 現在価格（Before）=14078円
2025/12/26 03:39:20 商品 m89534888788：商品名「WARWICK WAC1574 エレアコベース」 現在価格（Before）=54262円
2025/12/26 03:39:20 商品 m63118587756：商品名「毎日値下中 MacBookPro ノートパソコン 13インチ Retina 箱付」 現在価格（Before）=18076円
2025/12/26 03:39:20 商品 m36707811660：商品名「仕事の辞め方 鈴木おさむ著」 現在価格（Before）=914円
2025/12/26 03:39:20 商品 m64310346066：商品名「Apple Magic Keyboard Trackpad Mouse」 現在価格（Before）=23068円
2025/12/26 03:39:20 商品 m28078262586：商品名「Paul Smith 巾着 黒」 現在価格（Before）=2404円
2025/12/26 03:39:20 商品 m71877271026：商品名「【毎日値下げ中】LEDプロジェクター 動作音が少し大きいです」 現在価格（Before）=4826円
2025/12/26 03:39:20 商品 m70637634199：商品名「SATSUN LED PT-05 プロジェクター 動作確認済み」 現在価格（Before）=4755円
2025/12/26 03:39:20 商品 m82069000393：商品名「BIRKENSTOCK × UNITED ARROWS ブラック」 現在価格（Before）=9724円
2025/12/26 03:39:20 商品 m90003954931：商品名「Edwards / E-LW-135M Black」 現在価格（Before）=103003円
2025/12/26 03:39:20 商品 m47618488358：商品名「U.S. BOADER フード付きダウンジャケット ホワイト」 現在価格（Before）=27131円
2025/12/26 03:39:20 商品 m67347007998：商品名「【毎日値下中】PAUL SMITH PAUL HANSEN 26.5cm」 現在価格（Before）=32762円
2025/12/26 03:39:20 商品 m87622744909：商品名「静けさを聴くために 阿部俊也 写真集」 現在価格（Before）=1166円
2025/12/26 03:39:20 商品 m67197196763：商品名「Providence LEP-200 パワーサプライ ケーブル」 現在価格（Before）=390円
2025/12/26 03:39:20 商品 m71938297620：商品名「BOSS Blues Driver BD-2 ギターエフェクター」 現在価格（Before）=14002円
2025/12/26 03:39:20 商品 m23841195604：商品名「ちっちゃな自分、さようなら!」 現在価格（Before）=610円
2025/12/26 03:39:20 商品 m99657356722：商品名「OCEANS 2023年7月号」 現在価格（Before）=610円
2025/12/26 03:39:20 商品 m88698920577：商品名「基礎から学べる!!ダイエットの教科書」 現在価格（Before）=598円
2025/12/26 03:39:20 商品 m57176942622：商品名「凄いことがアッサリ起きる44のルール」 現在価格（Before）=598円
2025/12/26 03:39:20 商品 m62397344066：商品名「Glabella ホワイト レザースニーカー 耐水」 現在価格（Before）=2309円
2025/12/26 03:39:20 商品 m40600480753：商品名「Ibanez DC-301L エフェクター アダプター 蛸足 3つ」 現在価格（Before）=770円
2025/12/26 03:39:20 商品 m84191009439：商品名「Y.H.C. 045 ダークグレー トートバッグ」 現在価格（Before）=6007円
2025/12/26 03:39:20 商品 m67768884458：商品名「クリーム色の球形陶器花瓶」 現在価格（Before）=1695円
2025/12/26 03:39:20 商品 m33607772954：商品名「ホワイト 陶器製 一輪挿し 球形」 現在価格（Before）=1746円
2025/12/26 03:39:20 商品 m80764143866：商品名「もし高校野球の女子マネージャーがドラッカーの「マネジメント」を読んだら」 現在価格（Before）=653円
2025/12/26 03:39:20 商品 m12064074639：商品名「Bashar x 山崎拓巳 自己啓発書」 現在価格（Before）=667円
2025/12/26 03:39:20 商品 m71336232896：商品名「DXビジネスモデル 小野塚征志著」 現在価格（Before）=667円
2025/12/26 03:39:20 商品 m69512681643：商品名「毎日値下中 Phoenix/PHS-6 SC Buckeye Burl」 現在価格（Before）=436440円
2025/12/26 03:39:20 商品 m16369238672：商品名「ONE OK ROCK BAND SCORE 残響リファレンス」 現在価格（Before）=688円
2025/12/26 03:39:20 商品 m59460380494：商品名「九十歳、何がめでたい 佐藤愛子」 現在価格（Before）=688円
2025/12/26 03:39:20 商品 m74274027984：商品名「植物図鑑 有川浩 幻冬舎文庫」 現在価格（Before）=688円
2025/12/26 03:39:21 商品 m72338504200：商品名「Guitar 10月号 2019」 現在価格（Before）=732円
2025/12/26 03:39:21 商品 m86662648411：商品名「超絶プレイを可能にするトレーニング・メソッド」 現在価格（Before）=1204円
2025/12/26 03:39:21 商品 m96021091763：商品名「TECH 21 NYC SansAmp Bass Driver DI」 現在価格（Before）=23603円
2025/12/26 03:39:21 商品 m99923924645：商品名「Visual C# 2015 デスクトップアプリ入門」 現在価格（Before）=590円
2025/12/26 03:39:21 商品 m56885057512：商品名「いちばんやさしい WordPress の教本」 現在価格（Before）=590円
2025/12/26 03:39:21 商品 m87551093582：商品名「人間力の磨き方 池田貴将」 現在価格（Before）=626円
2025/12/26 03:39:21 商品 m87425354170：商品名「やる気のスイッチ! 実践セミナー DVD付き」 現在価格（Before）=2659円
2025/12/26 03:39:21 商品 m76300983881：商品名「Marshall LEAD 15 ギター用アンプ」 現在価格（Before）=59774円
