2025/12/26 04:12:54 商品 m56803008696：商品名「【毎日値下中】ナイキバイユー　エアフォース1 af1 黒　ピンク　mid」 現在価格（Before）=7243円
2025/12/26 04:12:54 商品 m19554747710：商品名「ASICS GORE-TEX ブラックスニーカー」 現在価格（Before）=11880円
2025/12/26 04:12:54 商品 m53513576064：商品名「strymon IRIDIUM ギターエフェクター」 現在価格（Before）=44550円
2025/12/26 04:12:54 商品 m22642897691：商品名「Clarks Wallabee GORE-TEX Vibram ブラック」 現在価格（Before）=30873円
2025/12/26 04:12:54 商品 m65299703586：商品名「Clarks Wallabee GORE-TEX Vibram ブラック」 現在価格（Before）=30873円
2025/12/26 04:12:54 商品 m42815611112：商品名「Ibanez アダプター 蛸足 5分岐」 現在価格（Before）=579円
2025/12/26 04:12:54 商品 m94746424656：商品名「君の名は。 新海誠 角川文庫」 現在価格（Before）=616円
2025/12/26 04:12:54 商品 m91426487473：商品名「AT-VD03 ダイナミックマイク」 現在価格（Before）=1166円
2025/12/26 04:12:54 商品 m53444047546：商品名「Soul Power Instruments BD-2 el Diablo」 現在価格（Before）=58338円
2025/12/26 04:12:54 商品 m41380828456：商品名「Tarzan 2023年5月号 表紙折れあり」 現在価格（Before）=634円
2025/12/26 04:12:54 商品 m80877380528：商品名「アッと驚く独奏アコギの全知識 DVD付き」 現在価格（Before）=688円
2025/12/26 04:12:54 商品 m10300123082：商品名「ANKOMN 密閉プラスチック容器 黒」 現在価格（Before）=2450円
2025/12/26 04:12:54 商品 m77339094506：商品名「Paul Smith 靴べら カラフルデザイン」 現在価格（Before）=7449円
2025/12/26 04:12:54 商品 m76300983881：商品名「Marshall LEAD 15 ギター用アンプ」 現在価格（Before）=59176円
2025/12/26 04:12:54 商品 m87425354170：商品名「やる気のスイッチ! 実践セミナー DVD付き」 現在価格（Before）=2632円
2025/12/26 04:12:54 商品 m87551093582：商品名「人間力の磨き方 池田貴将」 現在価格（Before）=620円
2025/12/26 04:12:54 商品 m56885057512：商品名「いちばんやさしい WordPress の教本」 現在価格（Before）=584円
2025/12/26 04:12:54 商品 m99923924645：商品名「Visual C# 2015 デスクトップアプリ入門」 現在価格（Before）=584円
2025/12/26 04:12:54 商品 m16369238672：商品名「ONE OK ROCK BAND SCORE 残響リファレンス」 現在価格（Before）=681円
2025/12/26 04:12:54 商品 m69512681643：商品名「毎日値下中 Phoenix/PHS-6 SC Buckeye Burl」 現在価格（Before）=432076円
2025/12/26 04:12:54 商品 m71336232896：商品名「DXビジネスモデル 小野塚征志著」 現在価格（Before）=660円
2025/12/26 04:12:54 商品 m40600480753：商品名「Ibanez DC-301L エフェクター アダプター 蛸足 3つ」 現在価格（Before）=762円
2025/12/26 04:12:54 商品 m67197196763：商品名「Providence LEP-200 パワーサプライ ケーブル」 現在価格（Before）=386円
2025/12/26 04:12:54 商品 m22207591556：商品名「Fuzz Factory clone」 現在価格（Before）=11905円
2025/12/26 04:12:54 商品 m26356476885：商品名「クマのプーさん A.A.ミルン 岩波少年文庫」 現在価格（Before）=394円
2025/12/26 04:12:54 商品 m42606895253：商品名「SHIPS ステンカラーコート ネイビー」 現在価格（Before）=8248円
2025/12/26 04:12:54 商品 m31084535914：商品名「どう生きる？ 藤原和博著」 現在価格（Before）=638円
2025/12/26 04:12:54 商品 m70478869239：商品名「ブランド STORY」 現在価格（Before）=786円
2025/12/26 04:12:54 商品 m27397528932：商品名「ひとりでいること みんなとすること」 現在価格（Before）=585円
2025/12/26 04:12:54 商品 m23557501009：商品名「山崎拓巳のココロの言葉」 現在価格（Before）=614円
2025/12/26 04:12:54 商品 m63174308101：商品名「Onitsuka Tiger スニーカー ホワイト/オレンジ」 現在価格（Before）=9158円
2025/12/26 04:12:54 商品 m45237195788：商品名「やる気のスイッチ！ 山崎拓巳」 現在価格（Before）=622円
2025/12/26 04:12:54 商品 m53815703530：商品名「虎刺繍 オレンジ赤サテン el conductorH スカジャン」 現在価格（Before）=97466円
2025/12/26 04:12:54 商品 m81470532937：商品名「初級者のための華やかアレンジ J-POP」 現在価格（Before）=695円
2025/12/26 04:12:54 商品 m50153029342：商品名「毎日値下中 エレアコ K-Garage EA-400 パッシブ ブラック」 現在価格（Before）=13798円
2025/12/26 04:12:54 商品 m64310346066：商品名「Apple Magic Keyboard Trackpad Mouse」 現在価格（Before）=22609円
2025/12/26 04:12:54 商品 m28078262586：商品名「Paul Smith 巾着 黒」 現在価格（Before）=2356円
2025/12/26 04:12:54 商品 m71877271026：商品名「【毎日値下げ中】LEDプロジェクター 動作音が少し大きいです」 現在価格（Before）=4730円
2025/12/26 04:12:54 商品 m70637634199：商品名「SATSUN LED PT-05 プロジェクター 動作確認済み」 現在価格（Before）=4660円
2025/12/26 04:12:54 商品 m82069000393：商品名「BIRKENSTOCK × UNITED ARROWS ブラック」 現在価格（Before）=9531円
2025/12/26 04:12:54 商品 m90003954931：商品名「Edwards / E-LW-135M Black」 現在価格（Before）=100953円
2025/12/26 04:12:54 商品 m47618488358：商品名「U.S. BOADER フード付きダウンジャケット ホワイト」 現在価格（Before）=26591円
2025/12/26 04:12:54 商品 m67347007998：商品名「【毎日値下中】PAUL SMITH PAUL HANSEN 26.5cm」 現在価格（Before）=32110円
2025/12/26 04:12:54 商品 m87622744909：商品名「静けさを聴くために 阿部俊也 写真集」 現在価格（Before）=1142円
2025/12/26 04:12:54 商品 m71938297620：商品名「BOSS Blues Driver BD-2 ギターエフェクター」 現在価格（Before）=13723円
2025/12/26 04:12:54 商品 m23841195604：商品名「ちっちゃな自分、さようなら!」 現在価格（Before）=598円
2025/12/26 04:12:54 商品 m99657356722：商品名「OCEANS 2023年7月号」 現在価格（Before）=598円
2025/12/26 04:12:54 商品 m88698920577：商品名「基礎から学べる!!ダイエットの教科書」 現在価格（Before）=586円
2025/12/26 04:12:54 商品 m57176942622：商品名「凄いことがアッサリ起きる44のルール」 現在価格（Before）=586円
2025/12/26 04:12:54 商品 m62397344066：商品名「Glabella ホワイト レザースニーカー 耐水」 現在価格（Before）=2263円
