2025/11/23 11:08:01 商品 m63118587756：商品名「毎日値下中 MacBookPro ノートパソコン 13インチ Retina 箱付」 現在価格（Before）=19987円
2025/11/23 11:08:01 商品 m87425354170：商品名「やる気のスイッチ! 実践セミナー DVD付き」 現在価格（Before）=2970円
2025/11/23 11:08:01 商品 m76633698528：商品名「iPad mini 2 32GB ジャンク」 現在価格（Before）=3861円
2025/11/23 11:08:01 商品 m23557501009：商品名「山崎拓巳のココロの言葉」 現在価格（Before）=686円
2025/11/23 11:08:01 商品 m87551093582：商品名「人間力の磨き方 池田貴将」 現在価格（Before）=2911円
2025/11/23 11:08:01 商品 m72379937507：商品名「MAGIC JOHN 強化ガラスフィルム iPhone17Pro」 現在価格（Before）=1248円
2025/11/23 11:08:01 商品 m56885057512：商品名「いちばんやさしい WordPress の教本」 現在価格（Before）=672円
2025/11/23 11:08:01 商品 m23771820931：商品名「よくわかるPHPの教科書 PHP 5.5対応版」 現在価格（Before）=672円
2025/11/23 11:08:01 商品 m99923924645：商品名「Visual C# 2015 デスクトップアプリ入門」 現在価格（Before）=672円
2025/11/23 11:08:01 商品 m96021091763：商品名「TECH 21 NYC SansAmp Bass Driver DI」 現在価格（Before）=26897円
2025/11/23 11:08:01 商品 m29826541976：商品名「Modified ELECTRO-HARMONIX Big Muff Pi」 現在価格（Before）=33621円
2025/11/23 11:08:01 商品 m86662648411：商品名「超絶プレイを可能にするトレーニング・メソッド」 現在価格（Before）=1372円
2025/11/23 11:08:01 商品 m72338504200：商品名「Guitar 10月号 2019」 現在価格（Before）=834円
2025/11/23 11:08:01 商品 m74274027984：商品名「植物図鑑 有川浩 幻冬舎文庫」 現在価格（Before）=784円
2025/11/23 11:08:01 商品 m59460380494：商品名「九十歳、何がめでたい 佐藤愛子」 現在価格（Before）=784円
2025/11/23 11:08:01 商品 m16369238672：商品名「ONE OK ROCK BAND SCORE 残響リファレンス」 現在価格（Before）=784円
2025/11/23 11:08:01 商品 m80877380528：商品名「アッと驚く独奏アコギの全知識 DVD付き」 現在価格（Before）=784円
2025/11/23 11:08:01 商品 m81470532937：商品名「初級者のための華やかアレンジ J-POP」 現在価格（Before）=784円
2025/11/23 11:08:01 商品 m50153029342：商品名「毎日値下中 エレアコ K-Garage EA-400 パッシブ ブラック」 現在価格（Before）=15725円
2025/11/23 11:08:01 商品 m69512681643：商品名「毎日値下中 Phoenix/PHS-6 SC Buckeye Burl」 現在価格（Before）=497356円
2025/11/23 11:08:01 商品 m54014281318：商品名「★穴あけパンチ 6種 クラフト DIY ハンドメイド 革 皮 ベルト レザー」 現在価格（Before）=576円
2025/11/23 11:08:01 商品 m71336232896：商品名「DXビジネスモデル 小野塚征志著」 現在価格（Before）=760円
2025/11/23 11:08:01 商品 m12064074639：商品名「Bashar x 山崎拓巳 自己啓発書」 現在価格（Before）=760円
2025/11/23 11:08:01 商品 m22207591556：商品名「Fuzz Factory clone」 現在価格（Before）=13430円
2025/11/23 11:08:01 商品 m80764143866：商品名「もし高校野球の女子マネージャーがドラッカーの「マネジメント」を読んだら」 現在価格（Before）=744円
2025/11/23 11:08:01 商品 m33607772954：商品名「ホワイト 陶器製 一輪挿し 球形」 現在価格（Before）=1990円
2025/11/23 11:08:01 商品 m67768884458：商品名「クリーム色の球形陶器花瓶」 現在価格（Before）=1931円
2025/11/23 11:08:01 商品 m84191009439：商品名「Y.H.C. 045 ダークグレー トートバッグ」 現在価格（Before）=6845円
2025/11/23 11:08:01 商品 m40600480753：商品名「Ibanez DC-301L エフェクター アダプター 蛸足 3つ」 現在価格（Before）=878円
2025/11/23 11:08:01 商品 m62397344066：商品名「Glabella ホワイト レザースニーカー 耐水」 現在価格（Before）=2632円
2025/11/23 11:08:01 商品 m57176942622：商品名「凄いことがアッサリ起きる44のルール」 現在価格（Before）=681円
2025/11/23 11:08:01 商品 m88698920577：商品名「基礎から学べる!!ダイエットの教科書」 現在価格（Before）=681円
2025/11/23 11:08:01 商品 m99657356722：商品名「OCEANS 2023年7月号」 現在価格（Before）=695円
2025/11/23 11:08:01 商品 m86295271052：商品名「ピカチュウ リュックサック & ヘアバンド セット」 現在価格（Before）=1536円
2025/11/23 11:08:01 商品 m23841195604：商品名「ちっちゃな自分、さようなら!」 現在価格（Before）=695円
2025/11/23 11:08:01 商品 m13460447574：商品名「Clarks GORE-TEX ワラビー 26.5 ブラックスエード」 現在価格（Before）=27498円
2025/11/23 11:08:01 商品 m71938297620：商品名「BOSS Blues Driver BD-2 ギターエフェクター」 現在価格（Before）=15956円
2025/11/23 11:08:01 商品 m53444047546：商品名「Soul Power Instruments BD-2 el Diablo」 現在価格（Before）=66480円
2025/11/23 11:08:01 商品 m91426487473：商品名「AT-VD03 ダイナミックマイク」 現在価格（Before）=1329円
2025/11/23 11:08:01 商品 m67197196763：商品名「Providence LEP-200 パワーサプライ ケーブル」 現在価格（Before）=442円
2025/11/23 11:08:01 商品 m42815611112：商品名「Ibanez アダプター 蛸足 5分岐」 現在価格（Before）=666円
2025/11/23 11:08:01 商品 m54087800312：商品名「子供のためのソルフェージュ 1a」 現在価格（Before）=708円
2025/11/23 11:08:01 商品 m38001607466：商品名「これから猫を飼う人に伝えたい10のこと」 現在価格（Before）=442円
2025/11/23 11:08:01 商品 m26356476885：商品名「クマのプーさん A.A.ミルン 岩波少年文庫」 現在価格（Before）=442円
2025/11/23 11:08:01 商品 m27397528932：商品名「ひとりでいること みんなとすること」 現在価格（Before）=666円
2025/11/23 11:08:01 商品 m86090648030：商品名「美しい日本語の風景 中西進著」 現在価格（Before）=666円
2025/11/23 11:08:01 商品 m94746424656：商品名「君の名は。 新海誠 角川文庫」 現在価格（Before）=709円
2025/11/23 11:08:01 商品 m87622744909：商品名「静けさを聴くために 阿部俊也 写真集」 現在価格（Before）=1329円
2025/11/23 11:08:01 商品 m91370727653：商品名「Ibanez TS9 Tube Screamer」 現在価格（Before）=9694円
2025/11/23 11:08:01 商品 m70896019339：商品名「BOSS Blues Driver BD-2 ギターエフェクター」 現在価格（Before）=9694円
