2025/11/23 11:04:09 商品 m64310346066：商品名「Apple Magic Keyboard Trackpad Mouse」 現在価格（Before）=24999円
2025/11/23 11:04:09 商品 m31084535914：商品名「どう生きる？ 藤原和博著」 現在価格（Before）=700円
2025/11/23 11:04:09 商品 m36707811660：商品名「仕事の辞め方 鈴木おさむ著」 現在価格（Before）=1000円
2025/11/23 11:04:09 商品 m78396089027：商品名「不思議で美しい空の色彩図鑑」 現在価格（Before）=2038円
2025/11/23 11:04:10 商品 m70478869239：商品名「ブランド STORY」 現在価格（Before）=869円
2025/11/23 11:04:10 商品 m28078262586：商品名「Paul Smith 巾着 黒」 現在価格（Before）=2659円
2025/11/23 11:04:10 商品 m71877271026：商品名「【毎日値下げ中】LEDプロジェクター 動作音が少し大きいです」 現在価格（Before）=5336円
2025/11/23 11:04:10 商品 m70637634199：商品名「SATSUN LED PT-05 プロジェクター 動作確認済み」 現在価格（Before）=5260円
2025/11/23 11:04:10 商品 m82069000393：商品名「BIRKENSTOCK × UNITED ARROWS ブラック」 現在価格（Before）=10749円
2025/11/23 11:04:10 商品 m90003954931：商品名「Edwards / E-LW-135M Black」 現在価格（Before）=113893円
2025/11/23 11:04:10 商品 m53815703530：商品名「虎刺繍 オレンジ赤サテン el conductorH スカジャン」 現在価格（Before）=108860円
2025/11/23 11:04:10 商品 m93637032873：商品名「ELEMENT cabSIM ヘッドフォンアンプ」 現在価格（Before）=25311円
2025/11/23 11:04:10 商品 m68052797339：商品名「BOSS SD-1 TWIN DRIVE MOD」 現在価格（Before）=15556円
2025/11/23 11:04:10 商品 m56803008696：商品名「【毎日値下中】ナイキバイユー　エアフォース1 af1 黒　ピンク　mid」 現在価格（Before）=7928円
2025/11/23 11:04:10 商品 m63174308101：商品名「Onitsuka Tiger スニーカー ホワイト/オレンジ」 現在価格（Before）=10328円
2025/11/23 11:04:10 商品 m51820728526：商品名「資本論 マルクス & エンゲルス」 現在価格（Before）=716円
2025/11/23 11:04:10 商品 m45237195788：商品名「やる気のスイッチ！ 山崎拓巳」 現在価格（Before）=702円
2025/11/23 11:04:10 商品 m41380828456：商品名「Tarzan 2023年5月号 表紙折れあり」 現在価格（Before）=702円
2025/11/23 11:04:10 商品 m76300983881：商品名「Marshall LEAD 15 ギター用アンプ」 現在価格（Before）=66762円
2025/11/23 11:04:10 商品 m67347007998：商品名「【毎日値下中】PAUL SMITH PAUL HANSEN 26.5cm」 現在価格（Before）=37712円
2025/11/23 11:04:10 商品 m70896019339：商品名「BOSS Blues Driver BD-2 ギターエフェクター」 現在価格（Before）=9792円
2025/11/23 11:04:10 商品 m91370727653：商品名「Ibanez TS9 Tube Screamer」 現在価格（Before）=9792円
2025/11/23 11:04:10 商品 m87622744909：商品名「静けさを聴くために 阿部俊也 写真集」 現在価格（Before）=1342円
2025/11/23 11:04:10 商品 m94746424656：商品名「君の名は。 新海誠 角川文庫」 現在価格（Before）=716円
2025/11/23 11:04:10 商品 m86090648030：商品名「美しい日本語の風景 中西進著」 現在価格（Before）=673円
2025/11/23 11:04:10 商品 m27397528932：商品名「ひとりでいること みんなとすること」 現在価格（Before）=673円
2025/11/23 11:04:10 商品 m26356476885：商品名「クマのプーさん A.A.ミルン 岩波少年文庫」 現在価格（Before）=446円
2025/11/23 11:04:10 商品 m38001607466：商品名「これから猫を飼う人に伝えたい10のこと」 現在価格（Before）=446円
2025/11/23 11:04:10 商品 m54087800312：商品名「子供のためのソルフェージュ 1a」 現在価格（Before）=715円
2025/11/23 11:04:10 商品 m42815611112：商品名「Ibanez アダプター 蛸足 5分岐」 現在価格（Before）=673円
2025/11/23 11:04:10 商品 m67197196763：商品名「Providence LEP-200 パワーサプライ ケーブル」 現在価格（Before）=446円
2025/11/23 11:04:10 商品 m91426487473：商品名「AT-VD03 ダイナミックマイク」 現在価格（Before）=1342円
2025/11/23 11:04:10 商品 m53444047546：商品名「Soul Power Instruments BD-2 el Diablo」 現在価格（Before）=67152円
2025/11/23 11:04:10 商品 m71938297620：商品名「BOSS Blues Driver BD-2 ギターエフェクター」 現在価格（Before）=16117円
2025/11/23 11:04:10 商品 m13460447574：商品名「Clarks GORE-TEX ワラビー 26.5 ブラックスエード」 現在価格（Before）=27776円
2025/11/23 11:04:10 商品 m23841195604：商品名「ちっちゃな自分、さようなら!」 現在価格（Before）=702円
2025/11/23 11:04:10 商品 m86295271052：商品名「ピカチュウ リュックサック & ヘアバンド セット」 現在価格（Before）=1552円
2025/11/23 11:04:10 商品 m99657356722：商品名「OCEANS 2023年7月号」 現在価格（Before）=702円
2025/11/23 11:04:10 商品 m88698920577：商品名「基礎から学べる!!ダイエットの教科書」 現在価格（Before）=688円
2025/11/23 11:04:10 商品 m57176942622：商品名「凄いことがアッサリ起きる44のルール」 現在価格（Before）=688円
2025/11/23 11:04:10 商品 m62397344066：商品名「Glabella ホワイト レザースニーカー 耐水」 現在価格（Before）=2659円
2025/11/23 11:04:10 商品 m40600480753：商品名「Ibanez DC-301L エフェクター アダプター 蛸足 3つ」 現在価格（Before）=887円
2025/11/23 11:04:10 商品 m84191009439：商品名「Y.H.C. 045 ダークグレー トートバッグ」 現在価格（Before）=6914円
2025/11/23 11:04:10 商品 m67768884458：商品名「クリーム色の球形陶器花瓶」 現在価格（Before）=1950円
2025/11/23 11:04:10 商品 m33607772954：商品名「ホワイト 陶器製 一輪挿し 球形」 現在価格（Before）=2010円
2025/11/23 11:04:10 商品 m80764143866：商品名「もし高校野球の女子マネージャーがドラッカーの「マネジメント」を読んだら」 現在価格（Before）=752円
2025/11/23 11:04:10 商品 m22207591556：商品名「Fuzz Factory clone」 現在価格（Before）=13566円
2025/11/23 11:04:10 商品 m12064074639：商品名「Bashar x 山崎拓巳 自己啓発書」 現在価格（Before）=768円
2025/11/23 11:04:10 商品 m71336232896：商品名「DXビジネスモデル 小野塚征志著」 現在価格（Before）=768円
2025/11/23 11:04:10 商品 m54014281318：商品名「★穴あけパンチ 6種 クラフト DIY ハンドメイド 革 皮 ベルト レザー」 現在価格（Before）=582円
